[   53640ms] [INFO] [webpack-dev-server] App updated. Recompiling... @ http://localhost:8030/bundle.js:530978
[   60301ms] [INFO] [webpack-dev-server] App hot update... @ http://localhost:8030/bundle.js:530978
[   60301ms] [LOG] [HMR] Checking for updates on the server... @ http://localhost:8030/bundle.js:532333
[   60458ms] [WARNING] [HMR] Cannot apply update. Need to do a full reload! @ http://localhost:8030/bundle.js:532335
[   60458ms] [WARNING] [HMR] Error: Aborted because ./views/sample_pages/empty_session_page.js is not accepted
Update propagation: ./views/sample_pages/empty_session_page.js -> ./views/sample_pages/sample_pages_view.js -> ./index.js
    at applyHandler (http://localhost:8030/bundle.js:828768:31)
    at http://localhost:8030/bundle.js:828437:21
    at Array.map (<anonymous>)
    at internalApply (http://localhost:8030/bundle.js:828436:54)
    at http://localhost:8030/bundle.js:828407:26
    at waitForBlockingPromises (http://localhost:8030/bundle.js:828362:48)
    at http://localhost:8030/bundle.js:828405:24 @ http://localhost:8030/bundle.js:532335
[   63160ms] [INFO] [webpack-dev-server] Server started: Hot Module Replacement enabled, Live Reloading enabled, Progress disabled, Overlay enabled. @ http://localhost:8030/bundle.js:530978
[   63161ms] [LOG] [HMR] Waiting for update signal from WDS... @ http://localhost:8030/bundle.js:532333
[   63177ms] [INFO] %cDownload the React DevTools for a better development experience: https://fb.me/react-devtools font-weight:bold @ http://localhost:8030/bundle.js:457924
[   63501ms] [ERROR] Warning: Each child in a list should have a unique "key" prop.%s%s See https://fb.me/react-warning-keys for more information.%s 

Check the top-level render call using <OuiFlexGroup>.  
    in OuiFlexItem @ http://localhost:8030/bundle.js:482681
[   68972ms] [INFO] [webpack-dev-server] App updated. Recompiling... @ http://localhost:8030/bundle.js:530978
[   75012ms] [INFO] [webpack-dev-server] App hot update... @ http://localhost:8030/bundle.js:530978
[   75012ms] [LOG] [HMR] Checking for updates on the server... @ http://localhost:8030/bundle.js:532333
[   75128ms] [INFO] [webpack-dev-server] Disconnected! @ http://localhost:8030/bundle.js:530978
[   75128ms] [INFO] [webpack-dev-server] Trying to reconnect... @ http://localhost:8030/bundle.js:530978
[   75144ms] [WARNING] [HMR] Cannot apply update. Need to do a full reload! @ http://localhost:8030/bundle.js:532335
[   75144ms] [WARNING] [HMR] Error: Aborted because ./views/sample_pages/empty_session_page.js is not accepted
Update propagation: ./views/sample_pages/empty_session_page.js -> ./views/sample_pages/sample_pages_view.js -> ./index.js
    at applyHandler (http://localhost:8030/bundle.js:828781:31)
    at http://localhost:8030/bundle.js:828450:21
    at Array.map (<anonymous>)
    at internalApply (http://localhost:8030/bundle.js:828449:54)
    at http://localhost:8030/bundle.js:828420:26
    at waitForBlockingPromises (http://localhost:8030/bundle.js:828375:48)
    at http://localhost:8030/bundle.js:828418:24 @ http://localhost:8030/bundle.js:532335
[   76853ms] [INFO] [webpack-dev-server] Server started: Hot Module Replacement enabled, Live Reloading enabled, Progress disabled, Overlay enabled. @ http://localhost:8030/bundle.js:530978
[   76854ms] [LOG] [HMR] Waiting for update signal from WDS... @ http://localhost:8030/bundle.js:532333
[   76867ms] [INFO] %cDownload the React DevTools for a better development experience: https://fb.me/react-devtools font-weight:bold @ http://localhost:8030/bundle.js:457924
[   77154ms] [ERROR] Warning: Each child in a list should have a unique "key" prop.%s%s See https://fb.me/react-warning-keys for more information.%s 

Check the top-level render call using <OuiFlexGroup>.  
    in OuiFlexItem @ http://localhost:8030/bundle.js:482681
[   95001ms] [INFO] [webpack-dev-server] Server started: Hot Module Replacement enabled, Live Reloading enabled, Progress disabled, Overlay enabled. @ http://localhost:8030/bundle.js:530978
[   95002ms] [LOG] [HMR] Waiting for update signal from WDS... @ http://localhost:8030/bundle.js:532333
[   95005ms] [INFO] %cDownload the React DevTools for a better development experience: https://fb.me/react-devtools font-weight:bold @ http://localhost:8030/bundle.js:457924
[   95249ms] [ERROR] Warning: Each child in a list should have a unique "key" prop.%s%s See https://fb.me/react-warning-keys for more information.%s 

Check the top-level render call using <OuiFlexGroup>.  
    in OuiFlexItem @ http://localhost:8030/bundle.js:482681
