[    1649ms] [INFO] [webpack-dev-server] Server started: Hot Module Replacement enabled, Live Reloading enabled, Progress disabled, Overlay enabled. @ http://localhost:8030/bundle.js:530978
[    1650ms] [LOG] [HMR] Waiting for update signal from WDS... @ http://localhost:8030/bundle.js:532333
[    1665ms] [INFO] %cDownload the React DevTools for a better development experience: https://fb.me/react-devtools font-weight:bold @ http://localhost:8030/bundle.js:457924
[    1970ms] [ERROR] Warning: Each child in a list should have a unique "key" prop.%s%s See https://fb.me/react-warning-keys for more information.%s 

Check the top-level render call using <OuiFlexGroup>.  
    in OuiFlexItem @ http://localhost:8030/bundle.js:482681
[  175669ms] [INFO] [webpack-dev-server] App updated. Recompiling... @ http://localhost:8030/bundle.js:530978
[  181778ms] [INFO] [webpack-dev-server] App hot update... @ http://localhost:8030/bundle.js:530978
[  181778ms] [LOG] [HMR] Checking for updates on the server... @ http://localhost:8030/bundle.js:532333
[  181913ms] [INFO] [webpack-dev-server] App updated. Recompiling... @ http://localhost:8030/bundle.js:530978
[  187514ms] [INFO] [webpack-dev-server] App hot update... @ http://localhost:8030/bundle.js:530978
[  187699ms] [WARNING] [HMR] Cannot apply update. Need to do a full reload! @ http://localhost:8030/bundle.js:532335
[  187699ms] [WARNING] [HMR] Error: Aborted because ./views/sample_pages/empty_session_page.js is not accepted
Update propagation: ./views/sample_pages/empty_session_page.js -> ./views/sample_pages/sample_pages_view.js -> ./index.js
    at applyHandler (http://localhost:8030/bundle.js:828464:31)
    at http://localhost:8030/bundle.js:828133:21
    at Array.map (<anonymous>)
    at internalApply (http://localhost:8030/bundle.js:828132:54)
    at http://localhost:8030/bundle.js:828103:26
    at waitForBlockingPromises (http://localhost:8030/bundle.js:828058:48)
    at http://localhost:8030/bundle.js:828101:24 @ http://localhost:8030/bundle.js:532335
[  189636ms] [INFO] [webpack-dev-server] Server started: Hot Module Replacement enabled, Live Reloading enabled, Progress disabled, Overlay enabled. @ http://localhost:8030/bundle.js:530978
[  189637ms] [LOG] [HMR] Waiting for update signal from WDS... @ http://localhost:8030/bundle.js:532333
[  189652ms] [INFO] %cDownload the React DevTools for a better development experience: https://fb.me/react-devtools font-weight:bold @ http://localhost:8030/bundle.js:457924
[  189963ms] [ERROR] Warning: Each child in a list should have a unique "key" prop.%s%s See https://fb.me/react-warning-keys for more information.%s 

Check the top-level render call using <OuiFlexGroup>.  
    in OuiFlexItem @ http://localhost:8030/bundle.js:482681
[  250946ms] [INFO] [webpack-dev-server] App updated. Recompiling... @ http://localhost:8030/bundle.js:530978
[  257199ms] [INFO] [webpack-dev-server] App hot update... @ http://localhost:8030/bundle.js:530978
[  257199ms] [LOG] [HMR] Checking for updates on the server... @ http://localhost:8030/bundle.js:532333
[  257313ms] [INFO] [webpack-dev-server] App updated. Recompiling... @ http://localhost:8030/bundle.js:530978
[  262872ms] [INFO] [webpack-dev-server] App hot update... @ http://localhost:8030/bundle.js:530978
[  263007ms] [WARNING] [HMR] Cannot apply update. Need to do a full reload! @ http://localhost:8030/bundle.js:532335
[  263007ms] [WARNING] [HMR] Error: Aborted because ./views/guidelines/mascot_guidelines.js is not accepted
Update propagation: ./views/guidelines/mascot_guidelines.js -> ./routes.js -> ./index.js
    at applyHandler (http://localhost:8030/bundle.js:828463:31)
    at http://localhost:8030/bundle.js:828132:21
    at Array.map (<anonymous>)
    at internalApply (http://localhost:8030/bundle.js:828131:54)
    at http://localhost:8030/bundle.js:828102:26
    at waitForBlockingPromises (http://localhost:8030/bundle.js:828057:48)
    at http://localhost:8030/bundle.js:828100:24 @ http://localhost:8030/bundle.js:532335
[  264979ms] [INFO] [webpack-dev-server] Server started: Hot Module Replacement enabled, Live Reloading enabled, Progress disabled, Overlay enabled. @ http://localhost:8030/bundle.js:530978
[  264980ms] [LOG] [HMR] Waiting for update signal from WDS... @ http://localhost:8030/bundle.js:532333
[  264995ms] [INFO] %cDownload the React DevTools for a better development experience: https://fb.me/react-devtools font-weight:bold @ http://localhost:8030/bundle.js:457924
[  265307ms] [ERROR] Warning: Each child in a list should have a unique "key" prop.%s%s See https://fb.me/react-warning-keys for more information.%s 

Check the top-level render call using <OuiFlexGroup>.  
    in OuiFlexItem @ http://localhost:8030/bundle.js:482681
