[   25044ms] [INFO] [webpack-dev-server] App hot update... @ http://localhost:8030/bundle.js:530978
[   25521ms] [LOG] [HMR] Updated modules: @ http://localhost:8030/bundle.js:532333
[   25521ms] [LOG] [HMR]  - ../../node_modules/css-loader/dist/cjs.js!../../node_modules/postcss-loader/dist/cjs.js!../../node_modules/sass-loader/dist/cjs.js!./theme_dark.scss @ http://localhost:8030/bundle.js:532333
[   25521ms] [LOG] [HMR]  - ../../node_modules/css-loader/dist/cjs.js!../../node_modules/postcss-loader/dist/cjs.js!../../node_modules/sass-loader/dist/cjs.js!./theme_light.scss @ http://localhost:8030/bundle.js:532333
[   25521ms] [LOG] [HMR]  - ../../node_modules/css-loader/dist/cjs.js!../../node_modules/postcss-loader/dist/cjs.js!../../node_modules/sass-loader/dist/cjs.js!./theme_next_dark.scss @ http://localhost:8030/bundle.js:532333
[   25521ms] [LOG] [HMR]  - ../../node_modules/css-loader/dist/cjs.js!../../node_modules/postcss-loader/dist/cjs.js!../../node_modules/sass-loader/dist/cjs.js!./theme_next_light.scss @ http://localhost:8030/bundle.js:532333
[   25521ms] [LOG] [HMR]  - ../../node_modules/css-loader/dist/cjs.js!../../node_modules/postcss-loader/dist/cjs.js!../../node_modules/sass-loader/dist/cjs.js!./theme_v9_dark.scss @ http://localhost:8030/bundle.js:532333
[   25521ms] [LOG] [HMR]  - ../../node_modules/css-loader/dist/cjs.js!../../node_modules/postcss-loader/dist/cjs.js!../../node_modules/sass-loader/dist/cjs.js!./theme_v9_light.scss @ http://localhost:8030/bundle.js:532333
[   25789ms] [LOG] [HMR] Updated modules: @ http://localhost:8030/bundle.js:532333
[   25789ms] [LOG] [HMR]  - ../../node_modules/css-loader/dist/cjs.js!../../node_modules/postcss-loader/dist/cjs.js!../../node_modules/sass-loader/dist/cjs.js!./theme_dark.scss @ http://localhost:8030/bundle.js:532333
[   25789ms] [LOG] [HMR]  - ../../node_modules/css-loader/dist/cjs.js!../../node_modules/postcss-loader/dist/cjs.js!../../node_modules/sass-loader/dist/cjs.js!./theme_light.scss @ http://localhost:8030/bundle.js:532333
[   25789ms] [LOG] [HMR]  - ../../node_modules/css-loader/dist/cjs.js!../../node_modules/postcss-loader/dist/cjs.js!../../node_modules/sass-loader/dist/cjs.js!./theme_next_dark.scss @ http://localhost:8030/bundle.js:532333
[   25789ms] [LOG] [HMR]  - ../../node_modules/css-loader/dist/cjs.js!../../node_modules/postcss-loader/dist/cjs.js!../../node_modules/sass-loader/dist/cjs.js!./theme_next_light.scss @ http://localhost:8030/bundle.js:532333
[   25789ms] [LOG] [HMR]  - ../../node_modules/css-loader/dist/cjs.js!../../node_modules/postcss-loader/dist/cjs.js!../../node_modules/sass-loader/dist/cjs.js!./theme_v9_dark.scss @ http://localhost:8030/bundle.js:532333
[   25789ms] [LOG] [HMR]  - ../../node_modules/css-loader/dist/cjs.js!../../node_modules/postcss-loader/dist/cjs.js!../../node_modules/sass-loader/dist/cjs.js!./theme_v9_light.scss @ http://localhost:8030/bundle.js:532333
[   26029ms] [LOG] [HMR] Updated modules: @ http://localhost:8030/bundle.js:532333
[   26029ms] [LOG] [HMR]  - ../../node_modules/css-loader/dist/cjs.js!../../node_modules/postcss-loader/dist/cjs.js!../../node_modules/sass-loader/dist/cjs.js!./theme_dark.scss @ http://localhost:8030/bundle.js:532333
[   26030ms] [LOG] [HMR]  - ../../node_modules/css-loader/dist/cjs.js!../../node_modules/postcss-loader/dist/cjs.js!../../node_modules/sass-loader/dist/cjs.js!./theme_light.scss @ http://localhost:8030/bundle.js:532333
[   26030ms] [LOG] [HMR]  - ../../node_modules/css-loader/dist/cjs.js!../../node_modules/postcss-loader/dist/cjs.js!../../node_modules/sass-loader/dist/cjs.js!./theme_next_dark.scss @ http://localhost:8030/bundle.js:532333
[   26030ms] [LOG] [HMR]  - ../../node_modules/css-loader/dist/cjs.js!../../node_modules/postcss-loader/dist/cjs.js!../../node_modules/sass-loader/dist/cjs.js!./theme_next_light.scss @ http://localhost:8030/bundle.js:532333
[   26030ms] [LOG] [HMR]  - ../../node_modules/css-loader/dist/cjs.js!../../node_modules/postcss-loader/dist/cjs.js!../../node_modules/sass-loader/dist/cjs.js!./theme_v9_dark.scss @ http://localhost:8030/bundle.js:532333
[   26030ms] [LOG] [HMR]  - ../../node_modules/css-loader/dist/cjs.js!../../node_modules/postcss-loader/dist/cjs.js!../../node_modules/sass-loader/dist/cjs.js!./theme_v9_light.scss @ http://localhost:8030/bundle.js:532333
[   26312ms] [LOG] [HMR] Updated modules: @ http://localhost:8030/bundle.js:532333
[   26313ms] [LOG] [HMR]  - ../../node_modules/css-loader/dist/cjs.js!../../node_modules/postcss-loader/dist/cjs.js!../../node_modules/sass-loader/dist/cjs.js!./theme_dark.scss @ http://localhost:8030/bundle.js:532333
[   26313ms] [LOG] [HMR]  - ../../node_modules/css-loader/dist/cjs.js!../../node_modules/postcss-loader/dist/cjs.js!../../node_modules/sass-loader/dist/cjs.js!./theme_light.scss @ http://localhost:8030/bundle.js:532333
[   26313ms] [LOG] [HMR]  - ../../node_modules/css-loader/dist/cjs.js!../../node_modules/postcss-loader/dist/cjs.js!../../node_modules/sass-loader/dist/cjs.js!./theme_next_dark.scss @ http://localhost:8030/bundle.js:532333
[   26313ms] [LOG] [HMR]  - ../../node_modules/css-loader/dist/cjs.js!../../node_modules/postcss-loader/dist/cjs.js!../../node_modules/sass-loader/dist/cjs.js!./theme_next_light.scss @ http://localhost:8030/bundle.js:532333
[   26313ms] [LOG] [HMR]  - ../../node_modules/css-loader/dist/cjs.js!../../node_modules/postcss-loader/dist/cjs.js!../../node_modules/sass-loader/dist/cjs.js!./theme_v9_dark.scss @ http://localhost:8030/bundle.js:532333
[   26313ms] [LOG] [HMR]  - ../../node_modules/css-loader/dist/cjs.js!../../node_modules/postcss-loader/dist/cjs.js!../../node_modules/sass-loader/dist/cjs.js!./theme_v9_light.scss @ http://localhost:8030/bundle.js:532333
[   26313ms] [LOG] [HMR] App is up to date. @ http://localhost:8030/bundle.js:532333
[   31574ms] [VERBOSE] [DOM] Input elements should have autocomplete attributes (suggested: "current-password"): (More info: https://goo.gl/9p2vKq) %o @ http://localhost:8030/#/login:0
[   90208ms] [INFO] [webpack-dev-server] App updated. Recompiling... @ http://localhost:8030/bundle.js:530978
[  114884ms] [INFO] [webpack-dev-server] App hot update... @ http://localhost:8030/bundle.js:530978
[  114884ms] [LOG] [HMR] Checking for updates on the server... @ http://localhost:8030/bundle.js:532333
[  115043ms] [INFO] [webpack-dev-server] App updated. Recompiling... @ http://localhost:8030/bundle.js:530978
[  138954ms] [INFO] [webpack-dev-server] App hot update... @ http://localhost:8030/bundle.js:530978
[  139155ms] [INFO] [webpack-dev-server] App updated. Recompiling... @ http://localhost:8030/bundle.js:530978
[  162568ms] [INFO] [webpack-dev-server] App hot update... @ http://localhost:8030/bundle.js:530978
[  162824ms] [INFO] [webpack-dev-server] App updated. Recompiling... @ http://localhost:8030/bundle.js:530978
[  163481ms] [LOG] [HMR] Updated modules: @ http://localhost:8030/bundle.js:532333
[  163481ms] [LOG] [HMR]  - ../../node_modules/css-loader/dist/cjs.js!../../node_modules/postcss-loader/dist/cjs.js!../../node_modules/sass-loader/dist/cjs.js!./theme_dark.scss @ http://localhost:8030/bundle.js:532333
[  163481ms] [LOG] [HMR]  - ../../node_modules/css-loader/dist/cjs.js!../../node_modules/postcss-loader/dist/cjs.js!../../node_modules/sass-loader/dist/cjs.js!./theme_light.scss @ http://localhost:8030/bundle.js:532333
[  163481ms] [LOG] [HMR]  - ../../node_modules/css-loader/dist/cjs.js!../../node_modules/postcss-loader/dist/cjs.js!../../node_modules/sass-loader/dist/cjs.js!./theme_next_dark.scss @ http://localhost:8030/bundle.js:532333
[  163481ms] [LOG] [HMR]  - ../../node_modules/css-loader/dist/cjs.js!../../node_modules/postcss-loader/dist/cjs.js!../../node_modules/sass-loader/dist/cjs.js!./theme_next_light.scss @ http://localhost:8030/bundle.js:532333
[  163481ms] [LOG] [HMR]  - ../../node_modules/css-loader/dist/cjs.js!../../node_modules/postcss-loader/dist/cjs.js!../../node_modules/sass-loader/dist/cjs.js!./theme_v9_dark.scss @ http://localhost:8030/bundle.js:532333
[  163481ms] [LOG] [HMR]  - ../../node_modules/css-loader/dist/cjs.js!../../node_modules/postcss-loader/dist/cjs.js!../../node_modules/sass-loader/dist/cjs.js!./theme_v9_light.scss @ http://localhost:8030/bundle.js:532333
[  187461ms] [INFO] [webpack-dev-server] App hot update... @ http://localhost:8030/bundle.js:530978
[  187931ms] [LOG] [HMR] Updated modules: @ http://localhost:8030/bundle.js:532333
[  187931ms] [LOG] [HMR]  - ../../node_modules/css-loader/dist/cjs.js!../../node_modules/postcss-loader/dist/cjs.js!../../node_modules/sass-loader/dist/cjs.js!./theme_dark.scss @ http://localhost:8030/bundle.js:532333
[  187931ms] [LOG] [HMR]  - ../../node_modules/css-loader/dist/cjs.js!../../node_modules/postcss-loader/dist/cjs.js!../../node_modules/sass-loader/dist/cjs.js!./theme_light.scss @ http://localhost:8030/bundle.js:532333
[  187931ms] [LOG] [HMR]  - ../../node_modules/css-loader/dist/cjs.js!../../node_modules/postcss-loader/dist/cjs.js!../../node_modules/sass-loader/dist/cjs.js!./theme_next_dark.scss @ http://localhost:8030/bundle.js:532333
[  187932ms] [LOG] [HMR]  - ../../node_modules/css-loader/dist/cjs.js!../../node_modules/postcss-loader/dist/cjs.js!../../node_modules/sass-loader/dist/cjs.js!./theme_next_light.scss @ http://localhost:8030/bundle.js:532333
[  187932ms] [LOG] [HMR]  - ../../node_modules/css-loader/dist/cjs.js!../../node_modules/postcss-loader/dist/cjs.js!../../node_modules/sass-loader/dist/cjs.js!./theme_v9_dark.scss @ http://localhost:8030/bundle.js:532333
[  187932ms] [LOG] [HMR]  - ../../node_modules/css-loader/dist/cjs.js!../../node_modules/postcss-loader/dist/cjs.js!../../node_modules/sass-loader/dist/cjs.js!./theme_v9_light.scss @ http://localhost:8030/bundle.js:532333
[  188184ms] [LOG] [HMR] Updated modules: @ http://localhost:8030/bundle.js:532333
[  188185ms] [LOG] [HMR]  - ../../node_modules/css-loader/dist/cjs.js!../../node_modules/postcss-loader/dist/cjs.js!../../node_modules/sass-loader/dist/cjs.js!./theme_dark.scss @ http://localhost:8030/bundle.js:532333
[  188185ms] [LOG] [HMR]  - ../../node_modules/css-loader/dist/cjs.js!../../node_modules/postcss-loader/dist/cjs.js!../../node_modules/sass-loader/dist/cjs.js!./theme_light.scss @ http://localhost:8030/bundle.js:532333
[  188185ms] [LOG] [HMR]  - ../../node_modules/css-loader/dist/cjs.js!../../node_modules/postcss-loader/dist/cjs.js!../../node_modules/sass-loader/dist/cjs.js!./theme_next_dark.scss @ http://localhost:8030/bundle.js:532333
[  188185ms] [LOG] [HMR]  - ../../node_modules/css-loader/dist/cjs.js!../../node_modules/postcss-loader/dist/cjs.js!../../node_modules/sass-loader/dist/cjs.js!./theme_next_light.scss @ http://localhost:8030/bundle.js:532333
[  188185ms] [LOG] [HMR]  - ../../node_modules/css-loader/dist/cjs.js!../../node_modules/postcss-loader/dist/cjs.js!../../node_modules/sass-loader/dist/cjs.js!./theme_v9_dark.scss @ http://localhost:8030/bundle.js:532333
[  188185ms] [LOG] [HMR]  - ../../node_modules/css-loader/dist/cjs.js!../../node_modules/postcss-loader/dist/cjs.js!../../node_modules/sass-loader/dist/cjs.js!./theme_v9_light.scss @ http://localhost:8030/bundle.js:532333
[  188414ms] [LOG] [HMR] Updated modules: @ http://localhost:8030/bundle.js:532333
[  188414ms] [LOG] [HMR]  - ../../node_modules/css-loader/dist/cjs.js!../../node_modules/postcss-loader/dist/cjs.js!../../node_modules/sass-loader/dist/cjs.js!./theme_dark.scss @ http://localhost:8030/bundle.js:532333
[  188414ms] [LOG] [HMR]  - ../../node_modules/css-loader/dist/cjs.js!../../node_modules/postcss-loader/dist/cjs.js!../../node_modules/sass-loader/dist/cjs.js!./theme_light.scss @ http://localhost:8030/bundle.js:532333
[  188414ms] [LOG] [HMR]  - ../../node_modules/css-loader/dist/cjs.js!../../node_modules/postcss-loader/dist/cjs.js!../../node_modules/sass-loader/dist/cjs.js!./theme_next_dark.scss @ http://localhost:8030/bundle.js:532333
[  188414ms] [LOG] [HMR]  - ../../node_modules/css-loader/dist/cjs.js!../../node_modules/postcss-loader/dist/cjs.js!../../node_modules/sass-loader/dist/cjs.js!./theme_next_light.scss @ http://localhost:8030/bundle.js:532333
[  188414ms] [LOG] [HMR]  - ../../node_modules/css-loader/dist/cjs.js!../../node_modules/postcss-loader/dist/cjs.js!../../node_modules/sass-loader/dist/cjs.js!./theme_v9_dark.scss @ http://localhost:8030/bundle.js:532333
[  188414ms] [LOG] [HMR]  - ../../node_modules/css-loader/dist/cjs.js!../../node_modules/postcss-loader/dist/cjs.js!../../node_modules/sass-loader/dist/cjs.js!./theme_v9_light.scss @ http://localhost:8030/bundle.js:532333
[  188414ms] [LOG] [HMR] App is up to date. @ http://localhost:8030/bundle.js:532333
